Mono path[0] = 'C:/Program Files (x86)/Steam/steamapps/common/RimWorld/RimWorldWin64_Data/Managed'
Mono config path = 'C:/Program Files (x86)/Steam/steamapps/common/RimWorld/MonoBleedingEdge/etc'
[PhysX] Initialized MultithreadedTaskDispatcher with 12 workers.
Initialize engine version: 2022.3.35f1 (011206c7a712)
[Subsystems] Discovering subsystems at path C:/Program Files (x86)/Steam/steamapps/common/RimWorld/RimWorldWin64_Data/UnitySubsystems
GfxDevice: creating device client; threaded=1; jobified=0
Direct3D:
    Version:  Direct3D 11.0 [level 11.1]
    Renderer: NVIDIA GeForce RTX 3070 (ID=0x2488)
    Vendor:   NVIDIA
    VRAM:     8017 MB
    Driver:   32.0.15.9186
Begin MonoManager ReloadAssembly
- Loaded All Assemblies, in  0.218 seconds
- Finished resetting the current domain, in  0.003 seconds
<RI> Initializing input.
<RI> Input initialized.
<RI> Initialized touch support.
[PhysX] Initialized MultithreadedTaskDispatcher with 12 workers.
UnloadTime: 1.106400 ms
Command line arguments: -disable-compute-shaders -popupwindow -logFile C:/Users/tr842/AppData/Local/Temp/PR-QA-20260910-R2/Player.R2-valid.log
RimWorld 1.6.4871 rev591
Mod Psychic Awakening - RJW Sexperience Addon dependency (rjw.sexperience.ideology) needs to have <downloadUrl> and/or <steamWorkshopUrl> specified.
Mod Psychic Awakening - RJW Sexperience Addon dependency (rjw.sexperience) needs to have <downloadUrl> and/or <steamWorkshopUrl> specified.
Mod menstruation ReTexture <packageId> (MenstruationAIReReTexture) is not in valid format.
Tried loading mod with the same packageId multiple times: ElToro.Anims. Ignoring the duplicates.
C:\Program Files (x86)\Steam\steamapps\common\RimWorld\Mods\rjw-elt-anim-master
C:\Program Files (x86)\Steam\steamapps\common\RimWorld\Mods\rjw-elt-anim
Fallback handler could not load library C:/Program Files (x86)/Steam/steamapps/common/RimWorld/RimWorldWin64_Data/MonoBleedingEdge/data-000001E86D2B0010.dll
Fallback handler could not load library C:/Program Files (x86)/Steam/steamapps/common/RimWorld/RimWorldWin64_Data/MonoBleedingEdge/data-000001E86D296310.dll
Type GradientHairMaskDef is not a Def type or could not be found, in file GradientHairMasks.xml. Context: <GradientHairMaskDef><defName>G01</defName><texPath>noGraphic</texPath><mask>GradientHair/G01</mask><weight>1</weight></GradientHairMaskDef>
Translation data for language English has 145 errors. Generate translation report for more info.
Type SlotsTextures probably needs a StaticConstructorOnStartup attribute, because it has a field seven of type Texture2D. All assets must be loaded in the main thread.
Type RouletteTextures probably needs a StaticConstructorOnStartup attribute, because it has a field wheel of type Texture2D. All assets must be loaded in the main thread.
Type DartsTextures probably needs a StaticConstructorOnStartup attribute, because it has a field board of type Texture2D. All assets must be loaded in the main thread.
Unloading 5 Unused Serialized files (Serialized files now loaded: 5)
MVCF successfully applied 0 patches
Unloading 97 unused Assets to reduce memory usage. Loaded Objects now: 29016.
Total: 192.184200 ms (FindLiveObjects: 1.381100 ms CreateObjectMapping: 0.966500 ms MarkObjects: 189.370600 ms  DeleteObjects: 0.465300 ms)

CharacterEditor v1.6.3 initializing...
updating labels for english...
loading pawn slot content from file...
character editor instance created
checking editor settings...
bodysizes genes are active
CharacterEditor v1.6.3 ...done
CE is trying to create default parameter lists ...
creating default parameter list for genes...
250 default entities for genes created
creating default parameter list for objects...
1782 default entities for objects created
creating default parameter list for turrets...
12 default entities for turrets created
...lists created
CE is trying to apply modified parameters...
no modifications for genes
no modifications for objects
no modifications for lifestages
...done
Fallback handler could not load library C:/Program Files (x86)/Steam/steamapps/common/RimWorld/RimWorldWin64_Data/MonoBleedingEdge/data-000001E8946065B0.dll
Unloading 3 Unused Serialized files (Serialized files now loaded: 5)
[PhysX] Initialized MultithreadedTaskDispatcher with 12 workers.
UnloadTime: 1.665800 ms
Unloading 2 unused Assets to reduce memory usage. Loaded Objects now: 29217.
Total: 181.768400 ms (FindLiveObjects: 2.069300 ms CreateObjectMapping: 1.145200 ms MarkObjects: 178.468400 ms  DeleteObjects: 0.085200 ms)

Loading game from file PR_QA_R2_20260910 with mods:
  - brrainz.harmony
  - Ludeon.RimWorld
  - Ludeon.RimWorld.Royalty
  - Ludeon.RimWorld.Ideology
  - Ludeon.RimWorld.Biotech
  - Ludeon.RimWorld.Anomaly
  - Ludeon.RimWorld.Odyssey
  - OskarPotocki.VanillaFactionsExpanded.Core
  - VanillaExpanded.VFECore
  - Adamas.HospitalityCasino
  - teamrostra.playablerecreation
  - teamrostra.playableinstrument
  - void.charactereditor
  - Solaris.FurnitureBase
Could not find think node with key -548306786
Could not find think node with key -548306786
Could not find think node with key -548306786
Could not find think node with key -548306786
Could not find think node with key -548306786
Could not find think node with key -548306786
Could not find think node with key -548306786
Could not find think node with key -548306786
Could not find think node with key -548306786
Could not find think node with key -548306786
Could not find think node with key -548306786
Could not find think node with key -548306786
Could not find think node with key -548306786
Could not find think node with key -548306786
Could not find think node with key -548306786
Could not find think node with key -548306786
Could not find think node with key -548306786
Could not find think node with key -548306786
Could not find think node with key -548306786
Could not find think node with key -548306786
Could not find think node with key -548306786
Could not find think node with key -548306786
Could not find think node with key -548306786
Could not find think node with key -548306786
Could not find think node with key -548306786
Could not find think node with key -548306786
Could not find think node with key -548306786
Could not find think node with key -548306786
Could not find think node with key -548306786
Could not find think node with key -548306786
Could not find think node with key -548306786
Could not find think node with key -548306786
Could not find think node with key -548306786
Could not find think node with key -548306786
Could not find think node with key -548306786
Could not find think node with key -548306786
Could not find think node with key -548306786
Could not find think node with key -548306786
Could not find think node with key -548306786
Could not find think node with key -548306786
Could not find think node with key -548306786
Could not find think node with key -548306786
Could not find think node with key -640800364
Could not find think node with key -548306786
Could not find think node with key -548306786
Could not find think node with key -548306786
Could not find think node with key -548306786
Could not find think node with key -1515049045
Could not find think node with key -1278852111
Could not find think node with key -548306786
Could not find think node with key -548306786
Could not find think node with key -640800364
Could not find think node with key -640800364
Could not find think node with key -2070095534
Could not find think node with key -177902247
Could not find think node with key -177902247
Could not find think node with key -177902247
Could not find think node with key -177902247
checking editor settings...
bodysizes genes are active
Unloading 1 Unused Serialized files (Serialized files now loaded: 5)
Unloading 1 unused Assets to reduce memory usage. Loaded Objects now: 35699.
Total: 232.621600 ms (FindLiveObjects: 1.308200 ms CreateObjectMapping: 1.576700 ms MarkObjects: 229.647700 ms  DeleteObjects: 0.088700 ms)

Fallback handler could not load library C:/Program Files (x86)/Steam/steamapps/common/RimWorld/RimWorldWin64_Data/MonoBleedingEdge/data-000001E87E2164C0.dll
Fallback handler could not load library C:/Program Files (x86)/Steam/steamapps/common/RimWorld/RimWorldWin64_Data/MonoBleedingEdge/data-000001E8397D7400.dll
Fallback handler could not load library C:/Program Files (x86)/Steam/steamapps/common/RimWorld/RimWorldWin64_Data/MonoBleedingEdge/data-000001E8C6AD0620.dll
Fallback handler could not load library C:/Program Files (x86)/Steam/steamapps/common/RimWorld/RimWorldWin64_Data/MonoBleedingEdge/data-000001E87E2120A0.dll
Fallback handler could not load library C:/Program Files (x86)/Steam/steamapps/common/RimWorld/RimWorldWin64_Data/MonoBleedingEdge/data-000001E8397DB630.dll
Fallback handler could not load library C:/Program Files (x86)/Steam/steamapps/common/RimWorld/RimWorldWin64_Data/MonoBleedingEdge/data-000001E87E21A8E0.dll
Fallback handler could not load library C:/Program Files (x86)/Steam/steamapps/common/RimWorld/RimWorldWin64_Data/MonoBleedingEdge/data-000001E87E2142B0.dll
Fallback handler could not load library C:/Program Files (x86)/Steam/steamapps/common/RimWorld/RimWorldWin64_Data/MonoBleedingEdge/data-000001E8B83B2800.dll
Fallback handler could not load library C:/Program Files (x86)/Steam/steamapps/common/RimWorld/RimWorldWin64_Data/MonoBleedingEdge/data-000001E8C5DC8AE0.dll
Fallback handler could not load library C:/Program Files (x86)/Steam/steamapps/common/RimWorld/RimWorldWin64_Data/MonoBleedingEdge/data-000001E87E21ED00.dll
Fallback handler could not load library C:/Program Files (x86)/Steam/steamapps/common/RimWorld/RimWorldWin64_Data/MonoBleedingEdge/data-000001E8C72E8030.dll
Fallback handler could not load library C:/Program Files (x86)/Steam/steamapps/common/RimWorld/RimWorldWin64_Data/MonoBleedingEdge/data-000001E815CFDA40.dll
Fallback handler could not load library C:/Program Files (x86)/Steam/steamapps/common/RimWorld/RimWorldWin64_Data/MonoBleedingEdge/data-000001E8C6EA25F0.dll
Fallback handler could not load library C:/Program Files (x86)/Steam/steamapps/common/RimWorld/RimWorldWin64_Data/MonoBleedingEdge/data-000001E86871FD10.dll
Fallback handler could not load library C:/Program Files (x86)/Steam/steamapps/common/RimWorld/RimWorldWin64_Data/MonoBleedingEdge/data-000001E8C7226090.dll
Fallback handler could not load library C:/Program Files (x86)/Steam/steamapps/common/RimWorld/RimWorldWin64_Data/MonoBleedingEdge/data-000001E868721520.dll
Fallback handler could not load library C:/Program Files (x86)/Steam/steamapps/common/RimWorld/RimWorldWin64_Data/MonoBleedingEdge/data-000001E87E21CAF0.dll
Fallback handler could not load library C:/Program Files (x86)/Steam/steamapps/common/RimWorld/RimWorldWin64_Data/MonoBleedingEdge/data-000001E815D1D2D0.dll
Fallback handler could not load library C:/Program Files (x86)/Steam/steamapps/common/RimWorld/RimWorldWin64_Data/MonoBleedingEdge/data-000001E86D861130.dll
R2 Tester 0 on unwalkable cell (132, 0, 102). Teleporting to (131, 0, 102)
R2 Tester 0 on unwalkable cell (137, 0, 102). Teleporting to (137, 0, 101)
R2 Tester 0 on unwalkable cell (142, 0, 102). Teleporting to (141, 0, 102)
Fallback handler could not load library C:/Program Files (x86)/Steam/steamapps/common/RimWorld/RimWorldWin64_Data/MonoBleedingEdge/data-000001E861CB1F80.dll
Fallback handler could not load library C:/Program Files (x86)/Steam/steamapps/common/RimWorld/RimWorldWin64_Data/MonoBleedingEdge/data-000001E8B9000690.dll
Fallback handler could not load library C:/Program Files (x86)/Steam/steamapps/common/RimWorld/RimWorldWin64_Data/MonoBleedingEdge/data-000001E8C5D341C0.dll
Fallback handler could not load library C:/Program Files (x86)/Steam/steamapps/common/RimWorld/RimWorldWin64_Data/MonoBleedingEdge/data-000001E8397DCC40.dll
Fallback handler could not load library C:/Program Files (x86)/Steam/steamapps/common/RimWorld/RimWorldWin64_Data/MonoBleedingEdge/data-000001E8C6ABA470.dll
Fallback handler could not load library C:/Program Files (x86)/Steam/steamapps/common/RimWorld/RimWorldWin64_Data/MonoBleedingEdge/data-000001E8B8846160.dll
Fallback handler could not load library C:/Program Files (x86)/Steam/steamapps/common/RimWorld/RimWorldWin64_Data/MonoBleedingEdge/data-000001E8C73F0A00.dll
Fallback handler could not load library C:/Program Files (x86)/Steam/steamapps/common/RimWorld/RimWorldWin64_Data/MonoBleedingEdge/data-000001E8C73EF5F0.dll
Fallback handler could not load library C:/Program Files (x86)/Steam/steamapps/common/RimWorld/RimWorldWin64_Data/MonoBleedingEdge/data-000001E8B8E8AD70.dll
Fallback handler could not load library C:/Program Files (x86)/Steam/steamapps/common/RimWorld/RimWorldWin64_Data/MonoBleedingEdge/data-000001E8C73F1E10.dll
Fallback handler could not load library C:/Program Files (x86)/Steam/steamapps/common/RimWorld/RimWorldWin64_Data/MonoBleedingEdge/data-000001E8C5ED52A0.dll
Memory Statistics:
[ALLOC_TEMP_TLS] TLS Allocator
  StackAllocators : 
    [ALLOC_TEMP_MAIN]
      Peak usage frame count: [0-1.0 KB]: 4162 frames, [1.0 KB-2.0 KB]: 5 frames, [2.0 KB-4.0 KB]: 95310 frames, [4.0 KB-8.0 KB]: 415 frames, [8.0 KB-16.0 KB]: 41 frames, [32.0 KB-64.0 KB]: 1 frames, [2.0 MB-4.0 MB]: 3 frames, [4.0 MB-8.0 MB]: 2 frames
      Initial Block Size 4.0 MB
      Current Block Size 5.3 MB
      Peak Allocated Bytes 5.3 MB
      Overflow Count 3
    [ALLOC_TEMP_Loading.AsyncRead]
      Initial Block Size 64.0 KB
      Current Block Size 120.0 KB
      Peak Allocated Bytes 117.2 KB
      Overflow Count 0
    [ALLOC_TEMP_Loading.PreloadManager]
      Initial Block Size 256.0 KB
      Current Block Size 256.0 KB
      Peak Allocated Bytes 3.8 KB
      Overflow Count 8
    [ALLOC_TEMP_Background Job.Worker 8]
      Initial Block Size 32.0 KB
      Current Block Size 32.0 KB
      Peak Allocated Bytes 54 B
      Overflow Count 0
    [ALLOC_TEMP_Job.Worker 6]
      Initial Block Size 256.0 KB
      Current Block Size 256.0 KB
      Peak Allocated Bytes 176 B
      Overflow Count 0
    [ALLOC_TEMP_Job.Worker 0]
      Initial Block Size 256.0 KB
      Current Block Size 256.0 KB
      Peak Allocated Bytes 176 B
      Overflow Count 0
    [ALLOC_TEMP_Background Job.Worker 10]
      Initial Block Size 32.0 KB
      Current Block Size 32.0 KB
      Peak Allocated Bytes 54 B
      Overflow Count 0
    [ALLOC_TEMP_Background Job.Worker 9]
      Initial Block Size 32.0 KB
      Current Block Size 32.0 KB
      Peak Allocated Bytes 54 B
      Overflow Count 0
    [ALLOC_TEMP_Job.Worker 5]
      Initial Block Size 256.0 KB
      Current Block Size 256.0 KB
      Peak Allocated Bytes 176 B
      Overflow Count 0
    [ALLOC_TEMP_Background Job.Worker 14]
      Initial Block Size 32.0 KB
      Current Block Size 32.0 KB
      Peak Allocated Bytes 54 B
      Overflow Count 0
    [ALLOC_TEMP_Background Job.Worker 6]
      Initial Block Size 32.0 KB
      Current Block Size 32.0 KB
      Peak Allocated Bytes 54 B
      Overflow Count 0
    [ALLOC_TEMP_Job.Worker 4]
      Initial Block Size 256.0 KB
      Current Block Size 256.0 KB
      Peak Allocated Bytes 176 B
      Overflow Count 0
    [ALLOC_TEMP_Job.Worker 3]
      Initial Block Size 256.0 KB
      Current Block Size 256.0 KB
      Peak Allocated Bytes 176 B
      Overflow Count 0
    [ALLOC_TEMP_Background Job.Worker 12]
      Initial Block Size 32.0 KB
      Current Block Size 32.0 KB
      Peak Allocated Bytes 54 B
      Overflow Count 0
    [ALLOC_TEMP_EnlightenWorker] x 6
      Initial Block Size 64.0 KB
      Current Block Size 64.0 KB
      Peak Allocated Bytes 54 B
      Overflow Count 0
    [ALLOC_TEMP_Background Job.Worker 15]
      Initial Block Size 32.0 KB
      Current Block Size 32.0 KB
      Peak Allocated Bytes 54 B
      Overflow Count 0
    [ALLOC_TEMP_Background Job.Worker 1]
      Initial Block Size 32.0 KB
      Current Block Size 32.0 KB
      Peak Allocated Bytes 54 B
      Overflow Count 0
    [ALLOC_TEMP_Background Job.Worker 2]
      Initial Block Size 32.0 KB
      Current Block Size 32.0 KB
      Peak Allocated Bytes 54 B
      Overflow Count 0
    [ALLOC_TEMP_Background Job.Worker 7]
      Initial Block Size 32.0 KB
      Current Block Size 32.0 KB
      Peak Allocated Bytes 54 B
      Overflow Count 0
    [ALLOC_TEMP_UnityGfxDeviceWorker]
      Initial Block Size 256.0 KB
      Current Block Size 256.0 KB
      Peak Allocated Bytes 10.3 KB
      Overflow Count 0
    [ALLOC_TEMP_AssetGarbageCollectorHelper] x 11
      Initial Block Size 64.0 KB
      Current Block Size 64.0 KB
      Peak Allocated Bytes 138 B
      Overflow Count 0
    [ALLOC_TEMP_Background Job.Worker 5]
      Initial Block Size 32.0 KB
      Current Block Size 32.0 KB
      Peak Allocated Bytes 54 B
      Overflow Count 0
    [ALLOC_TEMP_Job.Worker 9]
      Initial Block Size 256.0 KB
      Current Block Size 256.0 KB
      Peak Allocated Bytes 176 B
      Overflow Count 0
    [ALLOC_TEMP_Background Job.Worker 13]
      Initial Block Size 32.0 KB
      Current Block Size 32.0 KB
      Peak Allocated Bytes 54 B
      Overflow Count 0
    [ALLOC_TEMP_Job.Worker 8]
      Initial Block Size 256.0 KB
      Current Block Size 256.0 KB
      Peak Allocated Bytes 176 B
      Overflow Count 0
    [ALLOC_TEMP_Job.Worker 7]
      Initial Block Size 256.0 KB
      Current Block Size 256.0 KB
      Peak Allocated Bytes 144 B
      Overflow Count 0
    [ALLOC_TEMP_Job.Worker 1]
      Initial Block Size 256.0 KB
      Current Block Size 256.0 KB
      Peak Allocated Bytes 507 B
      Overflow Count 0
    [ALLOC_TEMP_Job.Worker 2]
      Initial Block Size 256.0 KB
      Current Block Size 256.0 KB
      Peak Allocated Bytes 480 B
      Overflow Count 0
    [ALLOC_TEMP_Background Job.Worker 3]
      Initial Block Size 32.0 KB
      Current Block Size 32.0 KB
      Peak Allocated Bytes 54 B
      Overflow Count 0
    [ALLOC_TEMP_Background Job.Worker 11]
      Initial Block Size 32.0 KB
      Current Block Size 32.0 KB
      Peak Allocated Bytes 54 B
      Overflow Count 0
    [ALLOC_TEMP_Job.Worker 10]
      Initial Block Size 256.0 KB
      Current Block Size 256.0 KB
      Peak Allocated Bytes 176 B
      Overflow Count 0
    [ALLOC_TEMP_Background Job.Worker 0]
      Initial Block Size 32.0 KB
      Current Block Size 32.0 KB
      Peak Allocated Bytes 54 B
      Overflow Count 0
    [ALLOC_TEMP_Background Job.Worker 4]
      Initial Block Size 32.0 KB
      Current Block Size 32.0 KB
      Peak Allocated Bytes 54 B
      Overflow Count 0
    [ALLOC_TEMP_BatchDeleteObjects]
      Initial Block Size 64.0 KB
      Current Block Size 64.0 KB
      Peak Allocated Bytes 54 B
      Overflow Count 0
[ALLOC_DEFAULT] Dual Thread Allocator
  Peak main deferred allocation count 42539
    [ALLOC_BUCKET]
      Large Block size 4.0 MB
      Used Block count 1
      Peak Allocated bytes 4.0 MB
      Failed Allocations. Bucket layout:
        16B: 4 Subsections = 4096 buckets. Failed count: 248630
        32B: 34 Subsections = 17408 buckets. Failed count: 257939
        48B: 49 Subsections = 16725 buckets. Failed count: 106009
        64B: 40 Subsections = 10240 buckets. Failed count: 44007
        80B: 85 Subsections = 17408 buckets. Failed count: 105676
        96B: 28 Subsections = 4778 buckets. Failed count: 45544
        112B: 10 Subsections = 1462 buckets. Failed count: 15424
        128B: 6 Subsections = 768 buckets. Failed count: 11291
    [ALLOC_DEFAULT_MAIN]
      Peak usage frame count: [16.0 MB-32.0 MB]: 446 frames, [32.0 MB-64.0 MB]: 1 frames, [128.0 MB-256.0 MB]: 99491 frames, [256.0 MB-0.50 GB]: 1 frames
      Requested Block Size 16.0 MB
      Peak Block count 13
      Peak Allocated memory 257.8 MB
      Peak Large allocation bytes 95.2 MB
    [ALLOC_DEFAULT_THREAD]
      Peak usage frame count: [8.0 MB-16.0 MB]: 3991 frames, [16.0 MB-32.0 MB]: 1 frames, [32.0 MB-64.0 MB]: 15 frames, [64.0 MB-128.0 MB]: 95932 frames
      Requested Block Size 16.0 MB
      Peak Block count 5
      Peak Allocated memory 110.3 MB
      Peak Large allocation bytes 33.8 MB
[ALLOC_TEMP_JOB_1_FRAME]
  Initial Block Size 2.0 MB
  Used Block Count 0
  Overflow Count (too large) 0
  Overflow Count (full) 0
[ALLOC_TEMP_JOB_2_FRAMES]
  Initial Block Size 2.0 MB
  Used Block Count 0
  Overflow Count (too large) 0
  Overflow Count (full) 0
[ALLOC_TEMP_JOB_4_FRAMES (JobTemp)]
  Initial Block Size 2.0 MB
  Used Block Count 1
  Overflow Count (too large) 2
  Overflow Count (full) 0
[ALLOC_TEMP_JOB_ASYNC (Background)]
  Initial Block Size 1.0 MB
  Used Block Count 1
  Overflow Count (too large) 0
  Overflow Count (full) 0
[ALLOC_GFX] Dual Thread Allocator
  Peak main deferred allocation count 28
    [ALLOC_BUCKET]
      Large Block size 4.0 MB
      Used Block count 1
      Peak Allocated bytes 4.0 MB
      Failed Allocations. Bucket layout:
        16B: 4 Subsections = 4096 buckets. Failed count: 248630
        32B: 34 Subsections = 17408 buckets. Failed count: 257939
        48B: 49 Subsections = 16725 buckets. Failed count: 106009
        64B: 40 Subsections = 10240 buckets. Failed count: 44007
        80B: 85 Subsections = 17408 buckets. Failed count: 105676
        96B: 28 Subsections = 4778 buckets. Failed count: 45544
        112B: 10 Subsections = 1462 buckets. Failed count: 15424
        128B: 6 Subsections = 768 buckets. Failed count: 11291
    [ALLOC_GFX_MAIN]
      Peak usage frame count: [64.0 KB-128.0 KB]: 1 frames, [2.0 MB-4.0 MB]: 446 frames, [4.0 MB-8.0 MB]: 3730 frames, [32.0 MB-64.0 MB]: 95761 frames, [256.0 MB-0.50 GB]: 1 frames
      Requested Block Size 16.0 MB
      Peak Block count 4
      Peak Allocated memory 345.6 MB
      Peak Large allocation bytes 341.0 MB
    [ALLOC_GFX_THREAD]
      Peak usage frame count: [0-1.0 KB]: 451 frames, [1.0 KB-2.0 KB]: 2 frames, [2.0 KB-4.0 KB]: 273 frames, [4.0 KB-8.0 KB]: 3453 frames, [16.0 KB-32.0 KB]: 16328 frames, [32.0 KB-64.0 KB]: 79432 frames
      Requested Block Size 16.0 MB
      Peak Block count 1
      Peak Allocated memory 37.3 KB
      Peak Large allocation bytes 0 B
[ALLOC_CACHEOBJECTS] Dual Thread Allocator
  Peak main deferred allocation count 101
    [ALLOC_BUCKET]
      Large Block size 4.0 MB
      Used Block count 1
      Peak Allocated bytes 4.0 MB
      Failed Allocations. Bucket layout:
        16B: 4 Subsections = 4096 buckets. Failed count: 248630
        32B: 34 Subsections = 17408 buckets. Failed count: 257939
        48B: 49 Subsections = 16725 buckets. Failed count: 106009
        64B: 40 Subsections = 10240 buckets. Failed count: 44007
        80B: 85 Subsections = 17408 buckets. Failed count: 105676
        96B: 28 Subsections = 4778 buckets. Failed count: 45544
        112B: 10 Subsections = 1462 buckets. Failed count: 15424
        128B: 6 Subsections = 768 buckets. Failed count: 11291
    [ALLOC_CACHEOBJECTS_MAIN]
      Peak usage frame count: [4.0 MB-8.0 MB]: 1 frames, [8.0 MB-16.0 MB]: 446 frames, [16.0 MB-32.0 MB]: 99492 frames
      Requested Block Size 4.0 MB
      Peak Block count 5
      Peak Allocated memory 17.0 MB
      Peak Large allocation bytes 0 B
    [ALLOC_CACHEOBJECTS_THREAD]
      Peak usage frame count: [4.0 KB-8.0 KB]: 3902 frames, [32.0 KB-64.0 KB]: 1 frames, [64.0 KB-128.0 KB]: 96034 frames, [256.0 KB-0.5 MB]: 1 frames, [0.5 MB-1.0 MB]: 1 frames
      Requested Block Size 4.0 MB
      Peak Block count 1
      Peak Allocated memory 0.6 MB
      Peak Large allocation bytes 0 B
[ALLOC_TYPETREE] Dual Thread Allocator
  Peak main deferred allocation count 0
    [ALLOC_BUCKET]
      Large Block size 4.0 MB
      Used Block count 1
      Peak Allocated bytes 4.0 MB
      Failed Allocations. Bucket layout:
        16B: 4 Subsections = 4096 buckets. Failed count: 248630
        32B: 34 Subsections = 17408 buckets. Failed count: 257939
        48B: 49 Subsections = 16725 buckets. Failed count: 106009
        64B: 40 Subsections = 10240 buckets. Failed count: 44007
        80B: 85 Subsections = 17408 buckets. Failed count: 105676
        96B: 28 Subsections = 4778 buckets. Failed count: 45544
        112B: 10 Subsections = 1462 buckets. Failed count: 15424
        128B: 6 Subsections = 768 buckets. Failed count: 11291
    [ALLOC_TYPETREE_MAIN]
      Peak usage frame count: [4.0 KB-8.0 KB]: 1 frames, [8.0 KB-16.0 KB]: 446 frames, [32.0 KB-64.0 KB]: 99492 frames
      Requested Block Size 2.0 MB
      Peak Block count 1
      Peak Allocated memory 49.8 KB
      Peak Large allocation bytes 0 B
    [ALLOC_TYPETREE_THREAD]
      Peak usage frame count: [0-1.0 KB]: 99939 frames
      Requested Block Size 2.0 MB
      Peak Block count 0
      Peak Allocated memory 0 B
      Peak Large allocation bytes 0 B
