Mono path[0] = 'C:/Program Files (x86)/Steam/steamapps/common/RimWorld/RimWorldWin64_Data/Managed'
Mono config path = 'C:/Program Files (x86)/Steam/steamapps/common/RimWorld/MonoBleedingEdge/etc'
[PhysX] Initialized MultithreadedTaskDispatcher with 12 workers.
Initialize engine version: 2022.3.35f1 (011206c7a712)
[Subsystems] Discovering subsystems at path C:/Program Files (x86)/Steam/steamapps/common/RimWorld/RimWorldWin64_Data/UnitySubsystems
GfxDevice: creating device client; threaded=1; jobified=0
Direct3D:
    Version:  Direct3D 11.0 [level 11.1]
    Renderer: NVIDIA GeForce RTX 3070 (ID=0x2488)
    Vendor:   NVIDIA
    VRAM:     8017 MB
    Driver:   32.0.15.9186
Begin MonoManager ReloadAssembly
- Loaded All Assemblies, in  0.217 seconds
- Finished resetting the current domain, in  0.002 seconds
<RI> Initializing input.
<RI> Input initialized.
<RI> Initialized touch support.
[PhysX] Initialized MultithreadedTaskDispatcher with 12 workers.
UnloadTime: 1.274500 ms
Command line arguments: -disable-compute-shaders -popupwindow
RimWorld 1.6.4871 rev591
Mod Psychic Awakening - RJW Sexperience Addon dependency (rjw.sexperience.ideology) needs to have <downloadUrl> and/or <steamWorkshopUrl> specified.
Mod Psychic Awakening - RJW Sexperience Addon dependency (rjw.sexperience) needs to have <downloadUrl> and/or <steamWorkshopUrl> specified.
Mod menstruation ReTexture <packageId> (MenstruationAIReReTexture) is not in valid format.
Tried loading mod with the same packageId multiple times: ElToro.Anims. Ignoring the duplicates.
C:\Program Files (x86)\Steam\steamapps\common\RimWorld\Mods\rjw-elt-anim-master
C:\Program Files (x86)\Steam\steamapps\common\RimWorld\Mods\rjw-elt-anim
Fallback handler could not load library C:/Program Files (x86)/Steam/steamapps/common/RimWorld/RimWorldWin64_Data/MonoBleedingEdge/data-00000243F84F0EB0.dll
Fallback handler could not load library C:/Program Files (x86)/Steam/steamapps/common/RimWorld/RimWorldWin64_Data/MonoBleedingEdge/data-00000243F8933860.dll
Type GradientHairMaskDef is not a Def type or could not be found, in file GradientHairMasks.xml. Context: <GradientHairMaskDef><defName>G01</defName><texPath>noGraphic</texPath><mask>GradientHair/G01</mask><weight>1</weight></GradientHairMaskDef>
Translation data for language English has 145 errors. Generate translation report for more info.
Type SlotsTextures probably needs a StaticConstructorOnStartup attribute, because it has a field seven of type Texture2D. All assets must be loaded in the main thread.
Type DartsTextures probably needs a StaticConstructorOnStartup attribute, because it has a field board of type Texture2D. All assets must be loaded in the main thread.
Type RouletteTextures probably needs a StaticConstructorOnStartup attribute, because it has a field wheel of type Texture2D. All assets must be loaded in the main thread.
Unloading 5 Unused Serialized files (Serialized files now loaded: 5)
Unloading 97 unused Assets to reduce memory usage. Loaded Objects now: 27758.
Total: 210.374800 ms (FindLiveObjects: 1.194000 ms CreateObjectMapping: 1.829600 ms MarkObjects: 206.990400 ms  DeleteObjects: 0.360400 ms)

CharacterEditor v1.6.3 initializing...
updating labels for english...
loading pawn slot content from file...
character editor instance created
checking editor settings...
bodysizes genes are active
CharacterEditor v1.6.3 ...done
CE is trying to create default parameter lists ...
creating default parameter list for genes...
250 default entities for genes created
creating default parameter list for objects...
1727 default entities for objects created
creating default parameter list for turrets...
12 default entities for turrets created
...lists created
CE is trying to apply modified parameters...
no modifications for genes
no modifications for objects
no modifications for lifestages
...done
Unloading 3 Unused Serialized files (Serialized files now loaded: 5)
[PhysX] Initialized MultithreadedTaskDispatcher with 12 workers.
UnloadTime: 1.435500 ms
Unloading 2 unused Assets to reduce memory usage. Loaded Objects now: 27961.
Total: 197.317400 ms (FindLiveObjects: 3.212700 ms CreateObjectMapping: 2.264100 ms MarkObjects: 191.782500 ms  DeleteObjects: 0.057800 ms)

Loading game from file Compact of Veerehenuay with mods:
  - brrainz.harmony
  - Ludeon.RimWorld
  - Ludeon.RimWorld.Royalty
  - Ludeon.RimWorld.Ideology
  - Ludeon.RimWorld.Biotech
  - Ludeon.RimWorld.Anomaly
  - Ludeon.RimWorld.Odyssey
  - teamrostra.playablerecreation
  - teamrostra.playableinstrument
  - void.charactereditor
  - Solaris.FurnitureBase
checking editor settings...
bodysizes genes are active
Unloading 1 Unused Serialized files (Serialized files now loaded: 5)
Unloading 1 unused Assets to reduce memory usage. Loaded Objects now: 34422.
Total: 293.896900 ms (FindLiveObjects: 2.560600 ms CreateObjectMapping: 2.255500 ms MarkObjects: 288.966300 ms  DeleteObjects: 0.114100 ms)

Memory Statistics:
[ALLOC_TEMP_TLS] TLS Allocator
  StackAllocators : 
    [ALLOC_TEMP_MAIN]
      Peak usage frame count: [0-1.0 KB]: 806 frames, [1.0 KB-2.0 KB]: 5 frames, [2.0 KB-4.0 KB]: 1904 frames, [4.0 KB-8.0 KB]: 38 frames, [8.0 KB-16.0 KB]: 2 frames, [32.0 KB-64.0 KB]: 1 frames, [128.0 KB-256.0 KB]: 1 frames, [2.0 MB-4.0 MB]: 4 frames
      Initial Block Size 4.0 MB
      Current Block Size 4.0 MB
      Peak Allocated Bytes 4.0 MB
      Overflow Count 3
    [ALLOC_TEMP_Loading.AsyncRead]
      Initial Block Size 64.0 KB
      Current Block Size 120.0 KB
      Peak Allocated Bytes 117.2 KB
      Overflow Count 0
    [ALLOC_TEMP_Loading.PreloadManager]
      Initial Block Size 256.0 KB
      Current Block Size 256.0 KB
      Peak Allocated Bytes 3.8 KB
      Overflow Count 8
    [ALLOC_TEMP_Background Job.Worker 8]
      Initial Block Size 32.0 KB
      Current Block Size 32.0 KB
      Peak Allocated Bytes 54 B
      Overflow Count 0
    [ALLOC_TEMP_Job.Worker 6]
      Initial Block Size 256.0 KB
      Current Block Size 256.0 KB
      Peak Allocated Bytes 160 B
      Overflow Count 0
    [ALLOC_TEMP_Job.Worker 0]
      Initial Block Size 256.0 KB
      Current Block Size 256.0 KB
      Peak Allocated Bytes 176 B
      Overflow Count 0
    [ALLOC_TEMP_Background Job.Worker 10]
      Initial Block Size 32.0 KB
      Current Block Size 32.0 KB
      Peak Allocated Bytes 54 B
      Overflow Count 0
    [ALLOC_TEMP_Background Job.Worker 9]
      Initial Block Size 32.0 KB
      Current Block Size 32.0 KB
      Peak Allocated Bytes 54 B
      Overflow Count 0
    [ALLOC_TEMP_Job.Worker 5]
      Initial Block Size 256.0 KB
      Current Block Size 256.0 KB
      Peak Allocated Bytes 176 B
      Overflow Count 0
    [ALLOC_TEMP_Background Job.Worker 14]
      Initial Block Size 32.0 KB
      Current Block Size 32.0 KB
      Peak Allocated Bytes 54 B
      Overflow Count 0
    [ALLOC_TEMP_Background Job.Worker 6]
      Initial Block Size 32.0 KB
      Current Block Size 32.0 KB
      Peak Allocated Bytes 54 B
      Overflow Count 0
    [ALLOC_TEMP_Job.Worker 4]
      Initial Block Size 256.0 KB
      Current Block Size 256.0 KB
      Peak Allocated Bytes 176 B
      Overflow Count 0
    [ALLOC_TEMP_Job.Worker 3]
      Initial Block Size 256.0 KB
      Current Block Size 256.0 KB
      Peak Allocated Bytes 160 B
      Overflow Count 0
    [ALLOC_TEMP_Background Job.Worker 12]
      Initial Block Size 32.0 KB
      Current Block Size 32.0 KB
      Peak Allocated Bytes 54 B
      Overflow Count 0
    [ALLOC_TEMP_EnlightenWorker] x 6
      Initial Block Size 64.0 KB
      Current Block Size 64.0 KB
      Peak Allocated Bytes 54 B
      Overflow Count 0
    [ALLOC_TEMP_Background Job.Worker 15]
      Initial Block Size 32.0 KB
      Current Block Size 32.0 KB
      Peak Allocated Bytes 54 B
      Overflow Count 0
    [ALLOC_TEMP_Background Job.Worker 1]
      Initial Block Size 32.0 KB
      Current Block Size 32.0 KB
      Peak Allocated Bytes 54 B
      Overflow Count 0
    [ALLOC_TEMP_Background Job.Worker 2]
      Initial Block Size 32.0 KB
      Current Block Size 32.0 KB
      Peak Allocated Bytes 54 B
      Overflow Count 0
    [ALLOC_TEMP_Background Job.Worker 7]
      Initial Block Size 32.0 KB
      Current Block Size 32.0 KB
      Peak Allocated Bytes 54 B
      Overflow Count 0
    [ALLOC_TEMP_UnityGfxDeviceWorker]
      Initial Block Size 256.0 KB
      Current Block Size 256.0 KB
      Peak Allocated Bytes 10.3 KB
      Overflow Count 0
    [ALLOC_TEMP_AssetGarbageCollectorHelper] x 11
      Initial Block Size 64.0 KB
      Current Block Size 64.0 KB
      Peak Allocated Bytes 138 B
      Overflow Count 0
    [ALLOC_TEMP_Background Job.Worker 5]
      Initial Block Size 32.0 KB
      Current Block Size 32.0 KB
      Peak Allocated Bytes 54 B
      Overflow Count 0
    [ALLOC_TEMP_Job.Worker 9]
      Initial Block Size 256.0 KB
      Current Block Size 256.0 KB
      Peak Allocated Bytes 176 B
      Overflow Count 0
    [ALLOC_TEMP_Background Job.Worker 13]
      Initial Block Size 32.0 KB
      Current Block Size 32.0 KB
      Peak Allocated Bytes 54 B
      Overflow Count 0
    [ALLOC_TEMP_Job.Worker 8]
      Initial Block Size 256.0 KB
      Current Block Size 256.0 KB
      Peak Allocated Bytes 160 B
      Overflow Count 0
    [ALLOC_TEMP_Job.Worker 7]
      Initial Block Size 256.0 KB
      Current Block Size 256.0 KB
      Peak Allocated Bytes 176 B
      Overflow Count 0
    [ALLOC_TEMP_Job.Worker 1]
      Initial Block Size 256.0 KB
      Current Block Size 256.0 KB
      Peak Allocated Bytes 507 B
      Overflow Count 0
    [ALLOC_TEMP_Job.Worker 2]
      Initial Block Size 256.0 KB
      Current Block Size 256.0 KB
      Peak Allocated Bytes 480 B
      Overflow Count 0
    [ALLOC_TEMP_Background Job.Worker 3]
      Initial Block Size 32.0 KB
      Current Block Size 32.0 KB
      Peak Allocated Bytes 54 B
      Overflow Count 0
    [ALLOC_TEMP_Background Job.Worker 11]
      Initial Block Size 32.0 KB
      Current Block Size 32.0 KB
      Peak Allocated Bytes 54 B
      Overflow Count 0
    [ALLOC_TEMP_Job.Worker 10]
      Initial Block Size 256.0 KB
      Current Block Size 256.0 KB
      Peak Allocated Bytes 144 B
      Overflow Count 0
    [ALLOC_TEMP_Background Job.Worker 0]
      Initial Block Size 32.0 KB
      Current Block Size 32.0 KB
      Peak Allocated Bytes 54 B
      Overflow Count 0
    [ALLOC_TEMP_Background Job.Worker 4]
      Initial Block Size 32.0 KB
      Current Block Size 32.0 KB
      Peak Allocated Bytes 54 B
      Overflow Count 0
    [ALLOC_TEMP_BatchDeleteObjects]
      Initial Block Size 64.0 KB
      Current Block Size 64.0 KB
      Peak Allocated Bytes 54 B
      Overflow Count 0
[ALLOC_DEFAULT] Dual Thread Allocator
  Peak main deferred allocation count 30400
    [ALLOC_BUCKET]
      Large Block size 4.0 MB
      Used Block count 1
      Peak Allocated bytes 4.0 MB
      Failed Allocations. Bucket layout:
        16B: 4 Subsections = 4096 buckets. Failed count: 31463
        32B: 34 Subsections = 17408 buckets. Failed count: 46899
        48B: 49 Subsections = 16725 buckets. Failed count: 92205
        64B: 40 Subsections = 10240 buckets. Failed count: 36918
        80B: 85 Subsections = 17408 buckets. Failed count: 30233
        96B: 28 Subsections = 4778 buckets. Failed count: 43957
        112B: 10 Subsections = 1462 buckets. Failed count: 11755
        128B: 6 Subsections = 768 buckets. Failed count: 8482
    [ALLOC_DEFAULT_MAIN]
      Peak usage frame count: [16.0 MB-32.0 MB]: 273 frames, [32.0 MB-64.0 MB]: 1 frames, [128.0 MB-256.0 MB]: 2487 frames
      Requested Block Size 16.0 MB
      Peak Block count 12
      Peak Allocated memory 216.3 MB
      Peak Large allocation bytes 63.2 MB
    [ALLOC_DEFAULT_THREAD]
      Peak usage frame count: [8.0 MB-16.0 MB]: 591 frames, [16.0 MB-32.0 MB]: 1 frames, [32.0 MB-64.0 MB]: 10 frames, [64.0 MB-128.0 MB]: 2159 frames
      Requested Block Size 16.0 MB
      Peak Block count 5
      Peak Allocated memory 109.9 MB
      Peak Large allocation bytes 33.8 MB
[ALLOC_TEMP_JOB_1_FRAME]
  Initial Block Size 2.0 MB
  Used Block Count 0
  Overflow Count (too large) 0
  Overflow Count (full) 0
[ALLOC_TEMP_JOB_2_FRAMES]
  Initial Block Size 2.0 MB
  Used Block Count 0
  Overflow Count (too large) 0
  Overflow Count (full) 0
[ALLOC_TEMP_JOB_4_FRAMES (JobTemp)]
  Initial Block Size 2.0 MB
  Used Block Count 1
  Overflow Count (too large) 2
  Overflow Count (full) 0
[ALLOC_TEMP_JOB_ASYNC (Background)]
  Initial Block Size 1.0 MB
  Used Block Count 1
  Overflow Count (too large) 0
  Overflow Count (full) 0
[ALLOC_GFX] Dual Thread Allocator
  Peak main deferred allocation count 8
    [ALLOC_BUCKET]
      Large Block size 4.0 MB
      Used Block count 1
      Peak Allocated bytes 4.0 MB
      Failed Allocations. Bucket layout:
        16B: 4 Subsections = 4096 buckets. Failed count: 31463
        32B: 34 Subsections = 17408 buckets. Failed count: 46899
        48B: 49 Subsections = 16725 buckets. Failed count: 92205
        64B: 40 Subsections = 10240 buckets. Failed count: 36918
        80B: 85 Subsections = 17408 buckets. Failed count: 30233
        96B: 28 Subsections = 4778 buckets. Failed count: 43957
        112B: 10 Subsections = 1462 buckets. Failed count: 11755
        128B: 6 Subsections = 768 buckets. Failed count: 8482
    [ALLOC_GFX_MAIN]
      Peak usage frame count: [128.0 KB-256.0 KB]: 1 frames, [2.0 MB-4.0 MB]: 273 frames, [4.0 MB-8.0 MB]: 549 frames, [32.0 MB-64.0 MB]: 1937 frames, [256.0 MB-0.50 GB]: 1 frames
      Requested Block Size 16.0 MB
      Peak Block count 4
      Peak Allocated memory 345.5 MB
      Peak Large allocation bytes 341.0 MB
    [ALLOC_GFX_THREAD]
      Peak usage frame count: [0-1.0 KB]: 278 frames, [1.0 KB-2.0 KB]: 350 frames, [2.0 KB-4.0 KB]: 106 frames, [4.0 KB-8.0 KB]: 91 frames, [16.0 KB-32.0 KB]: 1936 frames
      Requested Block Size 16.0 MB
      Peak Block count 1
      Peak Allocated memory 22.7 KB
      Peak Large allocation bytes 0 B
[ALLOC_CACHEOBJECTS] Dual Thread Allocator
  Peak main deferred allocation count 101
    [ALLOC_BUCKET]
      Large Block size 4.0 MB
      Used Block count 1
      Peak Allocated bytes 4.0 MB
      Failed Allocations. Bucket layout:
        16B: 4 Subsections = 4096 buckets. Failed count: 31463
        32B: 34 Subsections = 17408 buckets. Failed count: 46899
        48B: 49 Subsections = 16725 buckets. Failed count: 92205
        64B: 40 Subsections = 10240 buckets. Failed count: 36918
        80B: 85 Subsections = 17408 buckets. Failed count: 30233
        96B: 28 Subsections = 4778 buckets. Failed count: 43957
        112B: 10 Subsections = 1462 buckets. Failed count: 11755
        128B: 6 Subsections = 768 buckets. Failed count: 8482
    [ALLOC_CACHEOBJECTS_MAIN]
      Peak usage frame count: [4.0 MB-8.0 MB]: 1 frames, [8.0 MB-16.0 MB]: 273 frames, [16.0 MB-32.0 MB]: 2487 frames
      Requested Block Size 4.0 MB
      Peak Block count 5
      Peak Allocated memory 17.0 MB
      Peak Large allocation bytes 0 B
    [ALLOC_CACHEOBJECTS_THREAD]
      Peak usage frame count: [4.0 KB-8.0 KB]: 506 frames, [32.0 KB-64.0 KB]: 1 frames, [64.0 KB-128.0 KB]: 2252 frames, [256.0 KB-0.5 MB]: 1 frames, [0.5 MB-1.0 MB]: 1 frames
      Requested Block Size 4.0 MB
      Peak Block count 1
      Peak Allocated memory 0.6 MB
      Peak Large allocation bytes 0 B
[ALLOC_TYPETREE] Dual Thread Allocator
  Peak main deferred allocation count 0
    [ALLOC_BUCKET]
      Large Block size 4.0 MB
      Used Block count 1
      Peak Allocated bytes 4.0 MB
      Failed Allocations. Bucket layout:
        16B: 4 Subsections = 4096 buckets. Failed count: 31463
        32B: 34 Subsections = 17408 buckets. Failed count: 46899
        48B: 49 Subsections = 16725 buckets. Failed count: 92205
        64B: 40 Subsections = 10240 buckets. Failed count: 36918
        80B: 85 Subsections = 17408 buckets. Failed count: 30233
        96B: 28 Subsections = 4778 buckets. Failed count: 43957
        112B: 10 Subsections = 1462 buckets. Failed count: 11755
        128B: 6 Subsections = 768 buckets. Failed count: 8482
    [ALLOC_TYPETREE_MAIN]
      Peak usage frame count: [4.0 KB-8.0 KB]: 1 frames, [8.0 KB-16.0 KB]: 273 frames, [32.0 KB-64.0 KB]: 2487 frames
      Requested Block Size 2.0 MB
      Peak Block count 1
      Peak Allocated memory 49.8 KB
      Peak Large allocation bytes 0 B
    [ALLOC_TYPETREE_THREAD]
      Peak usage frame count: [0-1.0 KB]: 2761 frames
      Requested Block Size 2.0 MB
      Peak Block count 0
      Peak Allocated memory 0 B
      Peak Large allocation bytes 0 B
